apiVersion: v1
kind: ServiceAccount
metadata:
  annotations: {}
  labels:
    name: appuio-etcd-manager
  name: appuio-etcd-manager
  namespace: openshift-config
---
apiVersion: rbac.authorization.k8s.io/v1
kind: ClusterRole
metadata:
  annotations: {}
  labels:
    name: appuio-openshift4-config-etcd-manager
  name: appuio:openshift4-config:etcd-manager
rules:
  - apiGroups:
      - operator.openshift.io
    resourceNames:
      - cluster
    resources:
      - etcds
    verbs:
      - get
      - list
      - watch
      - patch
---
apiVersion: rbac.authorization.k8s.io/v1
kind: ClusterRoleBinding
metadata:
  annotations: {}
  labels:
    name: appuio-openshift4-config-etcd-manager
  name: appuio:openshift4-config:etcd-manager
roleRef:
  apiGroup: rbac.authorization.k8s.io
  kind: ClusterRole
  name: appuio:openshift4-config:etcd-manager
subjects:
  - kind: ServiceAccount
    name: appuio-etcd-manager
    namespace: openshift-config
---
apiVersion: espejote.io/v1alpha1
kind: JsonnetLibrary
metadata:
  labels:
    app.kubernetes.io/name: appuio-etcd
  name: appuio-etcd
  namespace: openshift-config
spec:
  data:
    etcd.libsonnet: |
      local apiGroup = 'operator.openshift.io';
      local apiVersion = '%s/v1' % apiGroup;
      local kind = 'Etcd';
      local resource = 'etcds';
      local resourceName = 'cluster';

      local etcd = {
        apiVersion: apiVersion,
        kind: kind,
        metadata: {
          name: resourceName,
        },
      };

      {
        apiGroup: apiGroup,
        apiVersion: apiVersion,
        kind: kind,
        resource: resource,
        resourceName: resourceName,
        Etcd: etcd,
      }
    spec.json: |-
      {
          "controlPlaneHardwareSpeed": ""
      }
---
apiVersion: espejote.io/v1alpha1
kind: ManagedResource
metadata:
  labels:
    app.kubernetes.io/name: appuio-etcd
  name: appuio-etcd
  namespace: openshift-config
spec:
  applyOptions:
    force: true
  serviceAccountRef:
    name: appuio-etcd-manager
  template: |
    local esp = import 'espejote.libsonnet';

    local etcd = import 'appuio-etcd/etcd.libsonnet';
    local spec = import 'appuio-etcd/spec.json';

    etcd.Etcd {
      spec: spec,
    }
  triggers:
    - name: etcd
      watchResource:
        apiVersion: operator.openshift.io/v1
        kind: Etcd
        name: cluster
