allowHostDirVolumePlugin: true
allowHostIPC: true
allowHostNetwork: true
allowHostPID: true
allowHostPorts: true
allowPrivilegeEscalation: true
allowPrivilegedContainer: true
allowedCapabilities:
  - '*'
allowedUnsafeSysctls:
  - '*'
apiVersion: security.openshift.io/v1
defaultAddCapabilities: null
fsGroup:
  type: RunAsAny
groups:
  - system:cluster-admins
  - system:nodes
  - system:masters
kind: SecurityContextConstraints
metadata:
  annotations:
    kubernetes.io/description: 'Copy of `privileged` with increased priority to be
      choosen over other custom SCCs.


      privileged allows access to all privileged and host features and the ability
      to run as any user, any group, any fsGroup, and with any SELinux context.

      WARNING: this is the most relaxed SCC and should be used only for cluster administration.
      Grant with caution.

      '
  labels:
    app.kubernetes.io/component: openshift4-config
    app.kubernetes.io/managed-by: commodore
    name: privileged-higher-prio
  name: privileged-higher-prio
priority: 3
readOnlyRootFilesystem: false
requiredDropCapabilities: null
runAsUser:
  type: RunAsAny
seLinuxContext:
  type: RunAsAny
seccompProfiles:
  - '*'
supplementalGroups:
  type: RunAsAny
users:
  - system:admin
  - system:serviceaccount:openshift-infra:build-controller
volumes:
  - '*'
